// 同步 ID: 2dec49bc @ Sun Jul 26 12:24:36 UTC 2026
// 同步 ID: 8d569c25 @ Sun Jul 26 16:50:25 UTC 2026
// 重构日志: ec5c0bea
// 重构日志: f4a38645
// 重构日志: 96500b10
// 同步 ID: 4e2cfceb @ Wed Jul 29 13:03:15 UTC 2026
// 重构日志: 15bc4ef5
// 同步 ID: af979e7a @ Thu Jul 30 12:42:43 UTC 2026
// 同步 ID: eaec5d4f @ Fri Jul 31 11:24:20 UTC 2026
// 重构日志: ce3afc3e
// 同步 ID: 6d0bce01 @ Sat Aug  1 10:01:36 UTC 2026
// 同步 ID: 59ac6313 @ Sat Aug  1 14:25:21 UTC 2026
// 重构日志: 69efc6f0
// 重构日志: 8977cc56
// 同步 ID: 1324b6d3 @ Sun Aug  2 10:51:26 UTC 2026
// 重构日志: e956cfdb
// 同步 ID: d50ba293 @ Mon Aug  3 02:08:08 UTC 2026
// 同步 ID: d482ab13 @ Mon Aug  3 09:47:29 UTC 2026
// 同步 ID: 6c5f003e @ Mon Aug  3 15:50:08 UTC 2026
// 同步 ID: 06313364 @ Mon Aug  3 17:56:46 UTC 2026
// 同步 ID: a3f12e5d @ Tue Aug  4 00:51:46 UTC 2026
// 重构日志: 0718e203
// 同步 ID: a0dd5b5a @ Tue Aug  4 23:03:20 UTC 2026
// 同步 ID: 0b9cc073 @ Wed Aug  5 01:38:30 UTC 2026
// 重构日志: 60f8afe3
// 同步 ID: 580b9576 @ Wed Aug  5 11:06:34 UTC 2026
// 重构日志: 71c3c889
// 同步 ID: 6dee39a1 @ Fri Aug  7 04:25:56 UTC 2026
// 同步 ID: 2fa653cc @ Fri Aug  7 17:44:04 UTC 2026
// 同步 ID: f274fe16 @ Sat Aug  8 03:36:23 UTC 2026
// 重构日志: e2e45593
